Component: ARM Compiler 5.06 update 5 (build 528) Tool: armlink [4d35e2]

==============================================================================

Section Cross References

    startup_stm32f10x_md.o(RESET) refers to startup_stm32f10x_md.o(STACK) for __initial_sp
    startup_stm32f10x_md.o(RESET) refers to startup_stm32f10x_md.o(.text) for Reset_Handler
    startup_stm32f10x_md.o(RESET) refers to stm32f10x_it.o(.text) for NMI_Handler
    startup_stm32f10x_md.o(.text) refers to system_stm32f10x.o(.text) for SystemInit
    startup_stm32f10x_md.o(.text) refers to entry.o(.ARM.Collect$$$$00000000) for __main
    system_stm32f10x.o(.text) refers to system_stm32f10x.o(.data) for SystemCoreClock
    stm32f10x_adc.o(.text) refers to stm32f10x_rcc.o(.text) for RCC_APB2PeriphResetCmd
    stm32f10x_bkp.o(.text) refers to stm32f10x_rcc.o(.text) for RCC_BackupResetCmd
    stm32f10x_can.o(.text) refers to stm32f10x_rcc.o(.text) for RCC_APB1PeriphResetCmd
    stm32f10x_cec.o(.text) refers to stm32f10x_rcc.o(.text) for RCC_APB1PeriphResetCmd
    stm32f10x_dac.o(.text) refers to stm32f10x_rcc.o(.text) for RCC_APB1PeriphResetCmd
    stm32f10x_gpio.o(.text) refers to stm32f10x_rcc.o(.text) for RCC_APB2PeriphResetCmd
    stm32f10x_i2c.o(.text) refers to stm32f10x_rcc.o(.text) for RCC_APB1PeriphResetCmd
    stm32f10x_pwr.o(.text) refers to stm32f10x_rcc.o(.text) for RCC_APB1PeriphResetCmd
    stm32f10x_rcc.o(.text) refers to stm32f10x_rcc.o(.data) for APBAHBPrescTable
    stm32f10x_spi.o(.text) refers to stm32f10x_rcc.o(.text) for RCC_APB2PeriphResetCmd
    stm32f10x_tim.o(.text) refers to stm32f10x_rcc.o(.text) for RCC_APB2PeriphResetCmd
    stm32f10x_usart.o(.text) refers to stm32f10x_rcc.o(.text) for RCC_APB2PeriphResetCmd
    stm32f10x_wwdg.o(.text) refers to stm32f10x_rcc.o(.text) for RCC_APB1PeriphResetCmd
    main.o(.text) refers to bsp_led.o(.text) for LED_GPIO_Config
    main.o(.text) refers to bsp_usart.o(.text) for USART_Config
    main.o(.text) refers to gps_config.o(.text) for GPS_Config
    main.o(.text) refers to printfa.o(i.__0printf) for __2printf
    main.o(.text) refers to nema_decode_test.o(.text) for nmea_decode_test
    main.o(.text) refers to stm32f10x_gpio.o(.text) for GPIO_SetBits
    nema_decode_test.o(.text) refers to context.o(.text) for nmea_property
    nema_decode_test.o(.text) refers to info.o(.text) for nmea_zero_INFO
    nema_decode_test.o(.text) refers to parser.o(.text) for nmea_parser_init
    nema_decode_test.o(.text) refers to gps_config.o(.text) for GMTconvert
    nema_decode_test.o(.text) refers to printfa.o(i.__0printf) for __2printf
    nema_decode_test.o(.text) refers to gmath.o(.text) for nmea_ndeg2degree
    nema_decode_test.o(.text) refers to gps_config.o(.data) for GPS_HalfTransferEnd
    nema_decode_test.o(.text) refers to gps_config.o(.bss) for gps_rbuff
    gps_config.o(.text) refers to stm32f10x_rcc.o(.text) for RCC_APB2PeriphClockCmd
    gps_config.o(.text) refers to stm32f10x_gpio.o(.text) for GPIO_Init
    gps_config.o(.text) refers to stm32f10x_usart.o(.text) for USART_Init
    gps_config.o(.text) refers to misc.o(.text) for NVIC_PriorityGroupConfig
    gps_config.o(.text) refers to stm32f10x_dma.o(.text) for DMA_Init
    gps_config.o(.text) refers to printfa.o(i.__0printf) for __2printf
    gps_config.o(.text) refers to gps_config.o(.bss) for gps_rbuff
    gps_config.o(.text) refers to gps_config.o(.data) for GPS_HalfTransferEnd
    bsp_led.o(.text) refers to stm32f10x_rcc.o(.text) for RCC_APB2PeriphClockCmd
    bsp_led.o(.text) refers to stm32f10x_gpio.o(.text) for GPIO_Init
    bsp_usart.o(.text) refers to stm32f10x_rcc.o(.text) for RCC_APB2PeriphClockCmd
    bsp_usart.o(.text) refers to stm32f10x_gpio.o(.text) for GPIO_Init
    bsp_usart.o(.text) refers to stm32f10x_usart.o(.text) for USART_Init
    context.o(.text) refers to printfa.o(i.__0vsnprintf) for __c89vsnprintf
    context.o(.text) refers to context.o(.data) for prop
    generate.o(.text) refers to tok.o(.text) for nmea_printf
    generate.o(.text) refers to sentence.o(.text) for nmea_zero_GPGGA
    generate.o(.text) refers to memcpya.o(.text) for __aeabi_memcpy4
    generate.o(.text) refers to cdrcmple.o(.text) for __aeabi_cdrcmple
    generate.o(.text) refers to dflti.o(.text) for __aeabi_i2d
    generate.o(.text) refers to ddiv.o(.text) for __aeabi_ddiv
    generate.o(.text) refers to ceil.o(i.ceil) for ceil
    generate.o(.text) refers to dfixi.o(.text) for __aeabi_d2iz
    generate.o(.text) refers to generate.o(.conststring) for .conststring
    generator.o(.text) refers to rand.o(.text) for rand
    generator.o(.text) refers to dflti.o(.text) for __aeabi_i2d
    generator.o(.text) refers to dadd.o(.text) for __aeabi_drsub
    generator.o(.text) refers to dmul.o(.text) for __aeabi_dmul
    generator.o(.text) refers to ddiv.o(.text) for __aeabi_ddiv
    generator.o(.text) refers to info.o(.text) for nmea_zero_INFO
    generator.o(.text) refers to malloc.o(i.free) for free
[...]
    ../clib/microlib/ctype/ctype.c           0x00000000   Number         0  isblank_o.o ABSOLUTE
    ../clib/microlib/ctype/ctype.c           0x00000000   Number         0  isdigit_o.o ABSOLUTE
    ../clib/microlib/ctype/ctype.c           0x00000000   Number         0  ctype_c.o ABSOLUTE
    ../clib/microlib/ctype/ctype.c           0x00000000   Number         0  isxdigit_o.o ABSOLUTE
    ../clib/microlib/division.c              0x00000000   Number         0  uldiv.o ABSOLUTE
    ../clib/microlib/division.c              0x00000000   Number         0  uidiv.o ABSOLUTE
    ../clib/microlib/errno.c                 0x00000000   Number         0  errno.o ABSOLUTE
    ../clib/microlib/init/entry.s            0x00000000   Number         0  entry8b.o ABSOLUTE
    ../clib/microlib/init/entry.s            0x00000000   Number         0  entry9a.o ABSOLUTE
    ../clib/microlib/init/entry.s            0x00000000   Number         0  entry9b.o ABSOLUTE
    ../clib/microlib/init/entry.s            0x00000000   Number         0  entry10a.o ABSOLUTE
    ../clib/microlib/init/entry.s            0x00000000   Number         0  entry11a.o ABSOLUTE
    ../clib/microlib/init/entry.s            0x00000000   Number         0  entry.o ABSOLUTE
    ../clib/microlib/init/entry.s            0x00000000   Number         0  entry11b.o ABSOLUTE
    ../clib/microlib/init/entry.s            0x00000000   Number         0  entry2.o ABSOLUTE
    ../clib/microlib/init/entry.s            0x00000000   Number         0  entry5.o ABSOLUTE
    ../clib/microlib/init/entry.s            0x00000000   Number         0  entry7a.o ABSOLUTE
    ../clib/microlib/init/entry.s            0x00000000   Number         0  entry7b.o ABSOLUTE
    ../clib/microlib/init/entry.s            0x00000000   Number         0  entry8a.o ABSOLUTE
    ../clib/microlib/init/entry.s            0x00000000   Number         0  entry10b.o ABSOLUTE
    ../clib/microlib/longlong.c              0x00000000   Number         0  llushr.o ABSOLUTE
    ../clib/microlib/longlong.c              0x00000000   Number         0  llsshr.o ABSOLUTE
    ../clib/microlib/longlong.c              0x00000000   Number         0  llshl.o ABSOLUTE
    ../clib/microlib/malloc/malloc.c         0x00000000   Number         0  mallocra.o ABSOLUTE
    ../clib/microlib/malloc/malloc.c         0x00000000   Number         0  mallocr.o ABSOLUTE
    ../clib/microlib/malloc/malloc.c         0x00000000   Number         0  malloca.o ABSOLUTE
    ../clib/microlib/malloc/malloc.c         0x00000000   Number         0  malloc.o ABSOLUTE
    ../clib/microlib/malloc/mvars.c          0x00000000   Number         0  mvars.o ABSOLUTE
    ../clib/microlib/printf/printf.c         0x00000000   Number         0  printf7.o ABSOLUTE
    ../clib/microlib/printf/printf.c         0x00000000   Number         0  printf6.o ABSOLUTE
    ../clib/microlib/printf/printf.c         0x00000000   Number         0  printf5.o ABSOLUTE
    ../clib/microlib/printf/printf.c         0x00000000   Number         0  printf4.o ABSOLUTE
    ../clib/microlib/printf/printf.c         0x00000000   Number         0  printf2.o ABSOLUTE
    ../clib/microlib/printf/printf.c         0x00000000   Number         0  printf8.o ABSOLUTE
    ../clib/microlib/printf/printf.c         0x00000000   Number         0  printf1.o ABSOLUTE
    ../clib/microlib/printf/printf.c         0x00000000   Number         0  printf0.o ABSOLUTE
    ../clib/microlib/printf/printf.c         0x00000000   Number         0  printfb.o ABSOLUTE
    ../clib/microlib/printf/printf.c         0x00000000   Number         0  printfa.o ABSOLUTE
    ../clib/microlib/printf/printf.c         0x00000000   Number         0  printf3.o ABSOLUTE
    ../clib/microlib/printf/stubs.s          0x00000000   Number         0  stubs.o ABSOLUTE
    ../clib/microlib/stdio/streams.c         0x00000000   Number         0  stdout.o ABSOLUTE
    ../clib/microlib/stdlib/rand.c           0x00000000   Number         0  rand.o ABSOLUTE
    ../clib/microlib/string/memchr.c         0x00000000   Number         0  memchr.o ABSOLUTE
    ../clib/microlib/string/memcmp.c         0x00000000   Number         0  memcmp.o ABSOLUTE
    ../clib/microlib/string/memcpy.c         0x00000000   Number         0  memcpya.o ABSOLUTE
    ../clib/microlib/string/memcpy.c         0x00000000   Number         0  memcpyb.o ABSOLUTE
    ../clib/microlib/string/memset.c         0x00000000   Number         0  memseta.o ABSOLUTE
    ../clib/microlib/string/strlen.c         0x00000000   Number         0  strlen.o ABSOLUTE
    ../clib/microlib/stubs.s                 0x00000000   Number         0  iusefp.o ABSOLUTE
    ../clib/scanf.c                          0x00000000   Number         0  _chval.o ABSOLUTE
    ../clib/scanf.c                          0x00000000   Number         0  strtod.o ABSOLUTE
    ../clib/scanf.c                          0x00000000   Number         0  _strtoul.o ABSOLUTE
    ../clib/scanf.c                          0x00000000   Number         0  strtol.o ABSOLUTE
    ../clib/scanf.c                          0x00000000   Number         0  _sgetc.o ABSOLUTE
    ../clib/scanf.c                          0x00000000   Number         0  scanf_fp.o ABSOLUTE
    ../fplib/microlib/d2f.c                  0x00000000   Number         0  d2f.o ABSOLUTE
    ../fplib/microlib/fpadd.c                0x00000000   Number         0  dadd.o ABSOLUTE
    ../fplib/microlib/fpdiv.c                0x00000000   Number         0  ddiv.o ABSOLUTE
    ../fplib/microlib/fpepilogue.c           0x00000000   Number         0  fepilogue.o ABSOLUTE
    ../fplib/microlib/fpepilogue.c           0x00000000   Number         0  depilogue.o ABSOLUTE
    ../fplib/microlib/fpfix.c                0x00000000   Number         0  dfixul.o ABSOLUTE
    ../fplib/microlib/fpfix.c                0x00000000   Number         0  dfixi.o ABSOLUTE
    ../fplib/microlib/fpflt.c                0x00000000   Number         0  dflti.o ABSOLUTE
    ../fplib/microlib/fpflt.c                0x00000000   Number         0  dfltul.o ABSOLUTE
    ../fplib/microlib/fpflt.c                0x00000000   Number         0  dfltui.o ABSOLUTE
    ../fplib/microlib/fpmul.c                0x00000000   Number         0  dmul.o ABSOLUTE
    ../fplib/microlib/fpscalb.c              0x00000000   Number         0  dscalb.o ABSOLUTE
    ../fplib/microlib/fpsqrt.c               0x00000000   Number         0  dsqrt.o ABSOLUTE
    ../mathlib/acos.c                        0x00000000   Number         0  acos_x.o ABSOLUTE
    ../mathlib/acos.c                        0x00000000   Number         0  acos.o ABSOLUTE
    ../mathlib/asin.c                        0x00000000   Number         0  asin.o ABSOLUTE
    ../mathlib/asin.c                        0x00000000   Number         0  asin_x.o ABSOLUTE
    ../mathlib/atan.c                        0x00000000   Number         0  atan_x.o ABSOLUTE
    ../mathlib/atan.c                        0x00000000   Number         0  atan.o ABSOLUTE
    ../mathlib/atan2.c                       0x00000000   Number         0  atan2_x.o ABSOLUTE
    ../mathlib/atan2.c                       0x00000000   Number         0  atan2.o ABSOLUTE
    ../mathlib/ceil.c                        0x00000000   Number         0  ceil.o ABSOLUTE
    ../mathlib/cos.c                         0x00000000   Number         0  cos_x.o ABSOLUTE
    ../mathlib/cos.c                         0x00000000   Number         0  cos.o ABSOLUTE
    ../mathlib/cos_i.c                       0x00000000   Number         0  cos_i.o ABSOLUTE
    ../mathlib/dunder.c                      0x00000000   Number         0  dunder.o ABSOLUTE
    ../mathlib/fpclassify.c                  0x00000000   Number         0  fpclassify.o ABSOLUTE
    ../mathlib/modf.c                        0x00000000   Number         0  modf.o ABSOLUTE
    ../mathlib/poly.c                        0x00000000   Number         0  poly.o ABSOLUTE
    ../mathlib/pow.c                         0x00000000   Number         0  pow.o ABSOLUTE
    ../mathlib/pow.c                         0x00000000   Number         0  pow_x.o ABSOLUTE
    ../mathlib/qnan.c                        0x00000000   Number         0  qnan.o ABSOLUTE
    ../mathlib/rred.c                        0x00000000   Number         0  rred.o ABSOLUTE
    ../mathlib/sin.c                         0x00000000   Number         0  sin.o ABSOLUTE
    ../mathlib/sin.c                         0x00000000   Number         0  sin_x.o ABSOLUTE
    ../mathlib/sin_i.c                       0x00000000   Number         0  sin_i_x.o ABSOLUTE
    ../mathlib/sin_i.c                       0x00000000   Number         0  sin_i.o ABSOLUTE
    ../mathlib/sqrt.c                        0x00000000   Number         0  sqrt.o ABSOLUTE
    ../mathlib/sqrt.c                        0x00000000   Number         0  sqrt_x.o ABSOLUTE
    ../mathlib/strtod.c                      0x00000000   Number         0  strtod.o ABSOLUTE
    ../mathlib/tan.c                         0x00000000   Number         0  tan.o ABSOLUTE
    ../mathlib/tan.c                         0x00000000   Number         0  tan_x.o ABSOLUTE
    ../mathlib/tan_i.c                       0x00000000   Number         0  tan_i_x.o ABSOLUTE
    ../mathlib/tan_i.c                       0x00000000   Number         0  tan_i.o ABSOLUTE
    ..\Libraries\CMSIS\CM3\DeviceSupport\ST\STM32F10x\startup\arm\startup_stm32f10x_md.s 0x00000000   Number         0  startup_stm32f10x_md.o ABSOLUTE
    ..\Libraries\CMSIS\CM3\DeviceSupport\ST\STM32F10x\system_stm32f10x.c 0x00000000   Number         0  system_stm32f10x.o ABSOLUTE
    ..\Libraries\STM32F10x_StdPeriph_Driver\src\misc.c 0x00000000   Number         0  misc.o ABSOLUTE
    ..\Libraries\STM32F10x_StdPeriph_Driver\src\stm32f10x_adc.c 0x00000000   Number         0  stm32f10x_adc.o ABSOLUTE
    ..\Libraries\STM32F10x_StdPeriph_Driver\src\stm32f10x_bkp.c 0x00000000   Number         0  stm32f10x_bkp.o ABSOLUTE
    ..\Libraries\STM32F10x_StdPeriph_Driver\src\stm32f10x_can.c 0x00000000   Number         0  stm32f10x_can.o ABSOLUTE
    ..\Libraries\STM32F10x_StdPeriph_Driver\src\stm32f10x_cec.c 0x00000000   Number         0  stm32f10x_cec.o ABSOLUTE
    ..\Libraries\STM32F10x_StdPeriph_Driver\src\stm32f10x_crc.c 0x00000000   Number         0  stm32f10x_crc.o ABSOLUTE
    ..\Libraries\STM32F10x_StdPeriph_Driver\src\stm32f10x_dac.c 0x00000000   Number         0  stm32f10x_dac.o ABSOLUTE
    ..\Libraries\STM32F10x_StdPeriph_Driver\src\stm32f10x_dbgmcu.c 0x00000000   Number         0  stm32f10x_dbgmcu.o ABSOLUTE
    ..\Libraries\STM32F10x_StdPeriph_Driver\src\stm32f10x_dma.c 0x00000000   Number         0  stm32f10x_dma.o ABSOLUTE
    ..\Libraries\STM32F10x_StdPeriph_Driver\src\stm32f10x_exti.c 0x00000000   Number         0  stm32f10x_exti.o ABSOLUTE
    ..\Libraries\STM32F10x_StdPeriph_Driver\src\stm32f10x_flash.c 0x00000000   Number         0  stm32f10x_flash.o ABSOLUTE
    ..\Libraries\STM32F10x_StdPeriph_Driver\src\stm32f10x_fsmc.c 0x00000000   Number         0  stm32f10x_fsmc.o ABSOLUTE
    ..\Libraries\STM32F10x_StdPeriph_Driver\src\stm32f10x_gpio.c 0x00000000   Number         0  stm32f10x_gpio.o ABSOLUTE
    ..\Libraries\STM32F10x_StdPeriph_Driver\src\stm32f10x_i2c.c 0x00000000   Number         0  stm32f10x_i2c.o ABSOLUTE
    ..\Libraries\STM32F10x_StdPeriph_Driver\src\stm32f10x_iwdg.c 0x00000000   Number         0  stm32f10x_iwdg.o ABSOLUTE
    ..\Libraries\STM32F10x_StdPeriph_Driver\src\stm32f10x_pwr.c 0x00000000   Number         0  stm32f10x_pwr.o ABSOLUTE
    ..\Libraries\STM32F10x_StdPeriph_Driver\src\stm32f10x_rcc.c 0x00000000   Number         0  stm32f10x_rcc.o ABSOLUTE
    ..\Libraries\STM32F10x_StdPeriph_Driver\src\stm32f10x_rtc.c 0x00000000   Number         0  stm32f10x_rtc.o ABSOLUTE
    ..\Libraries\STM32F10x_StdPeriph_Driver\src\stm32f10x_sdio.c 0x00000000   Number         0  stm32f10x_sdio.o ABSOLUTE
    ..\Libraries\STM32F10x_StdPeriph_Driver\src\stm32f10x_spi.c 0x00000000   Number         0  stm32f10x_spi.o ABSOLUTE
    ..\Libraries\STM32F10x_StdPeriph_Driver\src\stm32f10x_tim.c 0x00000000   Number         0  stm32f10x_tim.o ABSOLUTE
    ..\Libraries\STM32F10x_StdPeriph_Driver\src\stm32f10x_usart.c 0x00000000   Number         0  stm32f10x_usart.o ABSOLUTE
    ..\Libraries\STM32F10x_StdPeriph_Driver\src\stm32f10x_wwdg.c 0x00000000   Number         0  stm32f10x_wwdg.o ABSOLUTE
    ..\User\gps\gps_config.c                 0x00000000   Number         0  gps_config.o ABSOLUTE
    ..\User\led\bsp_led.c                    0x00000000   Number         0  bsp_led.o ABSOLUTE
    ..\User\main.c                           0x00000000   Number         0  main.o ABSOLUTE
    ..\User\nema_decode_test.c               0x00000000   Number         0  nema_decode_test.o ABSOLUTE
    ..\User\nmea_decode\src\context.c        0x00000000   Number         0  context.o ABSOLUTE
    ..\User\nmea_decode\src\generate.c       0x00000000   Number         0  generate.o ABSOLUTE
    ..\User\nmea_decode\src\generator.c      0x00000000   Number         0  generator.o ABSOLUTE
    ..\User\nmea_decode\src\gmath.c          0x00000000   Number         0  gmath.o ABSOLUTE
    ..\User\nmea_decode\src\info.c           0x00000000   Number         0  info.o ABSOLUTE
    ..\User\nmea_decode\src\parse.c          0x00000000   Number         0  parse.o ABSOLUTE
    ..\User\nmea_decode\src\parser.c         0x00000000   Number         0  parser.o ABSOLUTE
    ..\User\nmea_decode\src\sentence.c       0x00000000   Number         0  sentence.o ABSOLUTE
    ..\User\nmea_decode\src\time.c           0x00000000   Number         0  time.o ABSOLUTE
    ..\User\nmea_decode\src\tok.c            0x00000000   Number         0  tok.o ABSOLUTE
    ..\User\stm32f10x_it.c                   0x00000000   Number         0  stm32f10x_it.o ABSOLUTE
    ..\User\usart\bsp_usart.c                0x00000000   Number         0  bsp_usart.o ABSOLUTE
    cdcmple.s                                0x00000000   Number         0  cdcmple.o ABSOLUTE
    cdrcmple.s                               0x00000000   Number         0  cdrcmple.o ABSOLUTE
    dc.s                                     0x00000000   Number         0  dc.o ABSOLUTE
    handlers.s                               0x00000000   Number         0  handlers.o ABSOLUTE
    init.s                                   0x00000000   Number         0  init.o ABSOLUTE
    RESET                                    0x08000000   Section      236  startup_stm32f10x_md.o(RESET)
    .ARM.Collect$$$$00000000                 0x080000ec   Section        0  entry.o(.ARM.Collect$$$$00000000)
    .ARM.Collect$$$$00000001                 0x080000ec   Section        4  entry2.o(.ARM.Collect$$$$00000001)
    .ARM.Collect$$$$00000004                 0x080000f0   Section        4  entry5.o(.ARM.Collect$$$$00000004)
    .ARM.Collect$$$$00000008                 0x080000f4   Section        0  entry7b.o(.ARM.Collect$$$$00000008)
    .ARM.Collect$$$$0000000A                 0x080000f4   Section        0  entry8b.o(.ARM.Collect$$$$0000000A)
    .ARM.Collect$$$$0000000B                 0x080000f4   Section        8  entry9a.o(.ARM.Collect$$$$0000000B)
    .ARM.Collect$$$$0000000D                 0x080000fc   Section        0  entry10a.o(.ARM.Collect$$$$0000000D)
    .ARM.Collect$$$$0000000F                 0x080000fc   Section        0  entry11a.o(.ARM.Collect$$$$0000000F)
    .ARM.Collect$$$$00002712                 0x080000fc   Section        4  entry2.o(.ARM.Collect$$$$00002712)
    __lit__00000000                          0x080000fc   Data           4  entry2.o(.ARM.Collect$$$$00002712)
    .text                                    0x08000100   Section       36  startup_stm32f10x_md.o(.text)
    .text                                    0x08000124   Section        0  system_stm32f10x.o(.text)
    SetSysClockTo72                          0x08000125   Thumb Code   214  system_stm32f10x.o(.text)
    SetSysClock                              0x080001fb   Thumb Code     8  system_stm32f10x.o(.text)
    .text                                    0x08000304   Section        0  misc.o(.text)
    .text                                    0x080003e0   Section        0  stm32f10x_dma.o(.text)
    .text                                    0x08000634   Section        0  stm32f10x_gpio.o(.text)
    .text                                    0x08000990   Section        0  stm32f10x_rcc.o(.text)
    .text                                    0x08000d34   Section        0  stm32f10x_usart.o(.text)
    .text                                    0x0800113c   Section        0  main.o(.text)
    .text                                    0x08001200   Section        0  stm32f10x_it.o(.text)
    .text                                    0x0800121c   Section        0  nema_decode_test.o(.text)
    .text                                    0x08001434   Section        0  gps_config.o(.text)
    GPS_USART_Config                         0x08001435   Thumb Code   116  gps_config.o(.text)
    GPS_Interrupt_Config                     0x080014a9   Thumb Code    42  gps_config.o(.text)
    GPS_DMA_Config                           0x080014d3   Thumb Code   102  gps_config.o(.text)
    IsLeapYear                               0x080015a3   Thumb Code    50  gps_config.o(.text)
    .text                                    0x08001764   Section        0  bsp_led.o(.text)
    .text                                    0x0800179c   Section        0  bsp_usart.o(.text)
    .text                                    0x08001858   Section        0  context.o(.text)
    .text                                    0x0800194c   Section        0  gmath.o(.text)
    .text                                    0x08002cf2   Section        0  info.o(.text)
    .text                                    0x08002d10   Section        0  parse.o(.text)
    .text                                    0x08004078   Section        0  parser.o(.text)
    .text                                    0x080046b4   Section        0  time.o(.text)
    .text                                    0x080046cc   Section        0  tok.o(.text)
    .text                                    0x080049d4   Section        0  ctype_o.o(.text)
    .text                                    0x080049dc   Section        0  isspace_o.o(.text)
    .text                                    0x080049ee   Section        0  memcpya.o(.text)
    .text                                    0x08004a12   Section        0  memseta.o(.text)
    .text                                    0x08004a36   Section        0  strlen.o(.text)
    .text                                    0x08004a44   Section        0  memchr.o(.text)
    .text                                    0x08004a58   Section        0  memcmp.o(.text)
    .text                                    0x08004a72   Section        0  strtol.o(.text)
    .text                                    0x08004ae2   Section        0  dadd.o(.text)
    .text                                    0x08004c30   Section        0  dmul.o(.text)
    .text                                    0x08004d14   Section        0  ddiv.o(.text)
    .text                                    0x08004df2   Section        0  dflti.o(.text)
    .text                                    0x08004e14   Section        0  dfixi.o(.text)
    .text                                    0x08004e54   Section       48  cdcmple.o(.text)
    .text                                    0x08004e84   Section       48  cdrcmple.o(.text)
    .text                                    0x08004eb4   Section        0  uidiv.o(.text)
    .text                                    0x08004ee0   Section        0  uldiv.o(.text)
    .text                                    0x08004f42   Section        0  llshl.o(.text)
    .text                                    0x08004f60   Section        0  llushr.o(.text)
    .text                                    0x08004f80   Section        0  llsshr.o(.text)
    .text                                    0x08004fa4   Section        0  _strtoul.o(.text)
    .text                                    0x08005044   Section        0  strtod.o(.text)
    _local_sscanf                            0x08005045   Thumb Code    54  strtod.o(.text)
    .text                                    0x080050e0   Section        0  iusefp.o(.text)
    .text                                    0x080050e0   Section        0  depilogue.o(.text)
    .text                                    0x0800519a   Section        0  dscalb.o(.text)
    .text                                    0x080051c8   Section        0  dsqrt.o(.text)
    .text                                    0x0800526a   Section        0  dfixul.o(.text)
    .text                                    0x0800529c   Section       36  init.o(.text)
    .text                                    0x080052c0   Section        0  _chval.o(.text)
    .text                                    0x080052dc   Section        0  scanf_fp.o(.text)
    _fp_value                                0x080052dd   Thumb Code   296  scanf_fp.o(.text)
    .text                                    0x0800563c   Section        0  _sgetc.o(.text)
    .text                                    0x0800567c   Section        0  dfltui.o(.text)
    .text                                    0x08005696   Section        0  dfltul.o(.text)
    .text                                    0x080056ae   Section        0  d2f.o(.text)
    .text                                    0x080056e6   Section        0  fepilogue.o(.text)
    i.__0printf                              0x08005754   Section        0  printfa.o(i.__0printf)
    i.__0snprintf                            0x08005774   Section        0  printfa.o(i.__0snprintf)
    i.__0vsnprintf                           0x080057a4   Section        0  printfa.o(i.__0vsnprintf)
    i.__ARM_fpclassify                       0x080057d0   Section        0  fpclassify.o(i.__ARM_fpclassify)
    i.__ARM_isnan                            0x080057f8   Section        0  gmath.o(i.__ARM_isnan)
    i.__aeabi_errno_addr                     0x0800581c   Section        0  errno.o(i.__aeabi_errno_addr)
    i.__ieee754_rem_pio2                     0x08005824   Section        0  rred.o(i.__ieee754_rem_pio2)
    i.__kernel_cos                           0x08005bac   Section        0  cos_i.o(i.__kernel_cos)
    i.__kernel_poly                          0x08005ca8   Section        0  poly.o(i.__kernel_poly)
    i.__kernel_sin                           0x08005d54   Section        0  sin_i.o(i.__kernel_sin)
    i.__kernel_tan                           0x08005e40   Section        0  tan_i.o(i.__kernel_tan)
    i.__mathlib_dbl_divzero                  0x080060bc   Section        0  dunder.o(i.__mathlib_dbl_divzero)
    i.__mathlib_dbl_infnan                   0x080060cc   Section        0  dunder.o(i.__mathlib_dbl_infnan)
    i.__mathlib_dbl_infnan2                  0x080060d2   Section        0  dunder.o(i.__mathlib_dbl_infnan2)
    i.__mathlib_dbl_invalid                  0x080060d6   Section        0  dunder.o(i.__mathlib_dbl_invalid)
    i.__mathlib_dbl_overflow                 0x080060e2   Section        0  dunder.o(i.__mathlib_dbl_overflow)
    i.__mathlib_dbl_underflow                0x080060f0   Section        0  dunder.o(i.__mathlib_dbl_underflow)
    i.__scatterload_copy                     0x08006100   Section       14  handlers.o(i.__scatterload_copy)
    i.__scatterload_null                     0x0800610e   Section        2  handlers.o(i.__scatterload_null)
    i.__scatterload_zeroinit                 0x08006110   Section       14  handlers.o(i.__scatterload_zeroinit)
    i.__set_errno                            0x08006120   Section        0  errno.o(i.__set_errno)
    i._fp_digits                             0x0800612c   Section        0  printfa.o(i._fp_digits)
    _fp_digits                               0x0800612d   Thumb Code   366  printfa.o(i._fp_digits)
    i._is_digit                              0x080062b0   Section        0  scanf_fp.o(i._is_digit)
    i._printf_core                           0x080062c0   Section        0  printfa.o(i._printf_core)
    _printf_core                             0x080062c1   Thumb Code  1744  printfa.o(i._printf_core)
    i._printf_post_padding                   0x0800699c   Section        0  printfa.o(i._printf_post_padding)
    _printf_post_padding                     0x0800699d   Thumb Code    36  printfa.o(i._printf_post_padding)
    i._printf_pre_padding                    0x080069c0   Section        0  printfa.o(i._printf_pre_padding)
    _printf_pre_padding                      0x080069c1   Thumb Code    46  printfa.o(i._printf_pre_padding)
    i._snputc                                0x080069ee   Section        0  printfa.o(i._snputc)
    _snputc                                  0x080069ef   Thumb Code    22  printfa.o(i._snputc)
    i.acos                                   0x08006a04   Section        0  acos.o(i.acos)
    i.asin                                   0x08006c80   Section        0  asin.o(i.asin)
    i.atan                                   0x08006ef0   Section        0  atan.o(i.atan)
    i.atan2                                  0x08007110   Section        0  atan2.o(i.atan2)
    i.cos                                    0x08007290   Section        0  cos.o(i.cos)
    i.free                                   0x0800732c   Section        0  malloc.o(i.free)
    i.malloc                                 0x0800737c   Section        0  malloc.o(i.malloc)
    i.modf                                   0x080073e8   Section        0  modf.o(i.modf)
    i.pow                                    0x0800747c   Section        0  pow.o(i.pow)
    i.sin                                    0x08007e54   Section        0  sin.o(i.sin)
    i.sqrt                                   0x08007ef4   Section        0  sqrt.o(i.sqrt)
    i.strtod                                 0x08007f40   Section        0  strtod.o(i.strtod)
    i.tan                                    0x08007f5c   Section        0  tan.o(i.tan)
    .constdata                               0x08007fc0   Section       80  acos.o(.constdata)
    pS                                       0x08007fc0   Data          48  acos.o(.constdata)
    qS                                       0x08007ff0   Data          32  acos.o(.constdata)
    .constdata                               0x08008010   Section       80  asin.o(.constdata)
    pS                                       0x08008010   Data          48  asin.o(.constdata)
    qS                                       0x08008040   Data          32  asin.o(.constdata)
    .constdata                               0x08008060   Section      152  atan.o(.constdata)
    atanhi                                   0x08008060   Data          32  atan.o(.constdata)
    atanlo                                   0x08008080   Data          32  atan.o(.constdata)
    aTodd                                    0x080080a0   Data          40  atan.o(.constdata)
    aTeven                                   0x080080c8   Data          48  atan.o(.constdata)
    .constdata                               0x080080f8   Section      136  pow.o(.constdata)
    bp                                       0x080080f8   Data          16  pow.o(.constdata)
    dp_h                                     0x08008108   Data          16  pow.o(.constdata)
    dp_l                                     0x08008118   Data          16  pow.o(.constdata)
    L                                        0x08008128   Data          48  pow.o(.constdata)
    P                                        0x08008158   Data          40  pow.o(.constdata)
    .constdata                               0x08008180   Section      129  ctype_o.o(.constdata)
    .constdata                               0x08008204   Section        4  ctype_o.o(.constdata)
    table                                    0x08008204   Data           4  ctype_o.o(.constdata)
    .constdata                               0x08008208   Section       48  cos_i.o(.constdata)
    C                                        0x08008208   Data          48  cos_i.o(.constdata)
    .constdata                               0x08008238   Section        8  qnan.o(.constdata)
    .constdata                               0x08008240   Section      200  rred.o(.constdata)
    pio2s                                    0x08008240   Data          48  rred.o(.constdata)
    twooverpi                                0x08008270   Data         152  rred.o(.constdata)
    .constdata                               0x08008308   Section       40  sin_i.o(.constdata)
    S                                        0x08008308   Data          40  sin_i.o(.constdata)
    .constdata                               0x08008330   Section       96  tan_i.o(.constdata)
    Todd                                     0x08008330   Data          48  tan_i.o(.constdata)
    Teven                                    0x08008360   Data          48  tan_i.o(.constdata)
    .conststring                             0x08008390   Section      238  parse.o(.conststring)
    .data                                    0x20000000   Section       20  system_stm32f10x.o(.data)
    .data                                    0x20000014   Section       20  stm32f10x_rcc.o(.data)
    APBAHBPrescTable                         0x20000014   Data          16  stm32f10x_rcc.o(.data)
    ADCPrescTable                            0x20000024   Data           4  stm32f10x_rcc.o(.data)
    .data                                    0x20000028   Section        2  gps_config.o(.data)
    .data                                    0x2000002c   Section       16  context.o(.data)
    prop                                     0x2000002c   Data          16  context.o(.data)
    .data                                    0x2000003c   Section       52  parse.o(.data)
    pheads                                   0x2000003c   Data          52  parse.o(.data)
    .data                                    0x20000070   Section        4  stdout.o(.data)
    .data                                    0x20000074   Section        4  mvars.o(.data)
    .data                                    0x20000078   Section        4  mvars.o(.data)
    .data                                    0x2000007c   Section        4  errno.o(.data)
    _errno                                   0x2000007c   Data           4  errno.o(.data)
    .bss                                     0x20000080   Section      512  gps_config.o(.bss)
    .bss                                     0x20000280   Section      256  parse.o(.bss)
    HEAP                                     0x20000380   Section      512  startup_stm32f10x_md.o(HEAP)
    STACK                                    0x20000580   Section     1024  startup_stm32f10x_md.o(STACK)

    Global Symbols

    Symbol Name                              Value     Ov Type        Size  Object(Section)

    BuildAttributes$$THM_ISAv4$P$D$K$B$S$PE$A:L22UL41UL21$X:L11$S22US41US21$IEEE1$IW$USESV6$~STKCKD$USESV7$~SHL$OTIME$ROPI$IEEEX$EBA8$MICROLIB$REQ8$PRES8$EABIv2 0x00000000   Number         0  anon$$obj.o ABSOLUTE
    __ARM_use_no_argv                        0x00000000   Number         0  main.o ABSOLUTE
    _printf_a                                0x00000000   Number         0  stubs.o ABSOLUTE
    _printf_c                                0x00000000   Number         0  stubs.o ABSOLUTE
    _printf_charcount                        0x00000000   Number         0  stubs.o ABSOLUTE
    _printf_d                                0x00000000   Number         0  stubs.o ABSOLUTE
    _printf_e                                0x00000000   Number         0  stubs.o ABSOLUTE
    _printf_f                                0x00000000   Number         0  stubs.o ABSOLUTE
    _printf_flags                            0x00000000   Number         0  stubs.o ABSOLUTE
    _printf_fp_dec                           0x00000000   Number         0  stubs.o ABSOLUTE
    _printf_fp_hex                           0x00000000   Number         0  stubs.o ABSOLUTE
    _printf_g                                0x00000000   Number         0  stubs.o ABSOLUTE
    _printf_i                                0x00000000   Number         0  stubs.o ABSOLUTE
    _printf_int_dec                          0x00000000   Number         0  stubs.o ABSOLUTE
    _printf_l                                0x00000000   Number         0  stubs.o ABSOLUTE
    _printf_lc                               0x00000000   Number         0  stubs.o ABSOLUTE
    _printf_ll                               0x00000000   Number         0  stubs.o ABSOLUTE
    _printf_lld                              0x00000000   Number         0  stubs.o ABSOLUTE
    _printf_lli                              0x00000000   Number         0  stubs.o ABSOLUTE
    _printf_llo                              0x00000000   Number         0  stubs.o ABSOLUTE
    _printf_llu                              0x00000000   Number         0  stubs.o ABSOLUTE
    _printf_llx                              0x00000000   Number         0  stubs.o ABSOLUTE
    _printf_longlong_dec                     0x00000000   Number         0  stubs.o ABSOLUTE
    _printf_longlong_hex                     0x00000000   Number         0  stubs.o ABSOLUTE
    _printf_longlong_oct                     0x00000000   Number         0  stubs.o ABSOLUTE
    _printf_ls                               0x00000000   Number         0  stubs.o ABSOLUTE
    _printf_mbtowc                           0x00000000   Number         0  stubs.o ABSOLUTE
    _printf_n                                0x00000000   Number         0  stubs.o ABSOLUTE
    _printf_o                                0x00000000   Number         0  stubs.o ABSOLUTE
    _printf_p                                0x00000000   Number         0  stubs.o ABSOLUTE
    _printf_percent                          0x00000000   Number         0  stubs.o ABSOLUTE
    _printf_pre_padding                      0x00000000   Number         0  stubs.o ABSOLUTE
    _printf_return_value                     0x00000000   Number         0  stubs.o ABSOLUTE
    _printf_s                                0x00000000   Number         0  stubs.o ABSOLUTE
    _printf_sizespec                         0x00000000   Number         0  stubs.o ABSOLUTE
    _printf_str                              0x00000000   Number         0  stubs.o ABSOLUTE
    _printf_truncate_signed                  0x00000000   Number         0  stubs.o ABSOLUTE
    _printf_truncate_unsigned                0x00000000   Number         0  stubs.o ABSOLUTE
    _printf_u                                0x00000000   Number         0  stubs.o ABSOLUTE
    _printf_wc                               0x00000000   Number         0  stubs.o ABSOLUTE
    _printf_wctomb                           0x00000000   Number         0  stubs.o ABSOLUTE
    _printf_widthprec                        0x00000000   Number         0  stubs.o ABSOLUTE
    _printf_x                                0x00000000   Number         0  stubs.o ABSOLUTE
    __cpp_initialize__aeabi_                  - Undefined Weak Reference
    __cxa_finalize                            - Undefined Weak Reference
    __decompress                              - Undefined Weak Reference
    _clock_init                               - Undefined Weak Reference
    _microlib_exit                            - Undefined Weak Reference
    __Vectors_Size                           0x000000ec   Number         0  startup_stm32f10x_md.o ABSOLUTE
    __Vectors                                0x08000000   Data           4  startup_stm32f10x_md.o(RESET)
    __Vectors_End                            0x080000ec   Data           0  startup_stm32f10x_md.o(RESET)
    __main                                   0x080000ed   Thumb Code     0  entry.o(.ARM.Collect$$$$00000000)
    _main_stk                                0x080000ed   Thumb Code     0  entry2.o(.ARM.Collect$$$$00000001)
    _main_scatterload                        0x080000f1   Thumb Code     0  entry5.o(.ARM.Collect$$$$00000004)
    __main_after_scatterload                 0x080000f5   Thumb Code     0  entry5.o(.ARM.Collect$$$$00000004)
    _main_clock                              0x080000f5   Thumb Code     0  entry7b.o(.ARM.Collect$$$$00000008)
    _main_cpp_init                           0x080000f5   Thumb Code     0  entry8b.o(.ARM.Collect$$$$0000000A)
    _main_init                               0x080000f5   Thumb Code     0  entry9a.o(.ARM.Collect$$$$0000000B)
    __rt_final_cpp                           0x080000fd   Thumb Code     0  entry10a.o(.ARM.Collect$$$$0000000D)
    __rt_final_exit                          0x080000fd   Thumb Code     0  entry11a.o(.ARM.Collect$$$$0000000F)
    Reset_Handler                            0x08000101   Thumb Code     8  startup_stm32f10x_md.o(.text)
    ADC1_2_IRQHandler                        0x0800011b   Thumb Code     0  startup_stm32f10x_md.o(.text)
    CAN1_RX1_IRQHandler                      0x0800011b   Thumb Code     0  startup_stm32f10x_md.o(.text)
    CAN1_SCE_IRQHandler                      0x0800011b   Thumb Code     0  startup_stm32f10x_md.o(.text)
    DMA1_Channel1_IRQHandler                 0x0800011b   Thumb Code     0  startup_stm32f10x_md.o(.text)
    DMA1_Channel2_IRQHandler                 0x0800011b   Thumb Code     0  startup_stm32f10x_md.o(.text)
    DMA1_Channel3_IRQHandler                 0x0800011b   Thumb Code     0  startup_stm32f10x_md.o(.text)
    DMA1_Channel4_IRQHandler                 0x0800011b   Thumb Code     0  startup_stm32f10x_md.o(.text)
    DMA1_Channel5_IRQHandler                 0x0800011b   Thumb Code     0  startup_stm32f10x_md.o(.text)
    DMA1_Channel6_IRQHandler                 0x0800011b   Thumb Code     0  startup_stm32f10x_md.o(.text)
    DMA1_Channel7_IRQHandler                 0x0800011b   Thumb Code     0  startup_stm32f10x_md.o(.text)
    EXTI0_IRQHandler                         0x0800011b   Thumb Code     0  startup_stm32f10x_md.o(.text)
    EXTI15_10_IRQHandler                     0x0800011b   Thumb Code     0  startup_stm32f10x_md.o(.text)
    EXTI1_IRQHandler                         0x0800011b   Thumb Code     0  startup_stm32f10x_md.o(.text)
    EXTI2_IRQHandler                         0x0800011b   Thumb Code     0  startup_stm32f10x_md.o(.text)
    EXTI3_IRQHandler                         0x0800011b   Thumb Code     0  startup_stm32f10x_md.o(.text)
    EXTI4_IRQHandler                         0x0800011b   Thumb Code     0  startup_stm32f10x_md.o(.text)
    EXTI9_5_IRQHandler                       0x0800011b   Thumb Code     0  startup_stm32f10x_md.o(.text)
    FLASH_IRQHandler                         0x0800011b   Thumb Code     0  startup_stm32f10x_md.o(.text)
    I2C1_ER_IRQHandler                       0x0800011b   Thumb Code     0  startup_stm32f10x_md.o(.text)
    I2C1_EV_IRQHandler                       0x0800011b   Thumb Code     0  startup_stm32f10x_md.o(.text)
    I2C2_ER_IRQHandler                       0x0800011b   Thumb Code     0  startup_stm32f10x_md.o(.text)
    I2C2_EV_IRQHandler                       0x0800011b   Thumb Code     0  startup_stm32f10x_md.o(.text)
    PVD_IRQHandler                           0x0800011b   Thumb Code     0  startup_stm32f10x_md.o(.text)
    RCC_IRQHandler                           0x0800011b   Thumb Code     0  startup_stm32f10x_md.o(.text)
    RTCAlarm_IRQHandler                      0x0800011b   Thumb Code     0  startup_stm32f10x_md.o(.text)
    RTC_IRQHandler                           0x0800011b   Thumb Code     0  startup_stm32f10x_md.o(.text)
    SPI1_IRQHandler                          0x0800011b   Thumb Code     0  startup_stm32f10x_md.o(.text)
    SPI2_IRQHandler                          0x0800011b   Thumb Code     0  startup_stm32f10x_md.o(.text)
    TAMPER_IRQHandler                        0x0800011b   Thumb Code     0  startup_stm32f10x_md.o(.text)
    TIM1_BRK_IRQHandler                      0x0800011b   Thumb Code     0  startup_stm32f10x_md.o(.text)
    TIM1_CC_IRQHandler                       0x0800011b   Thumb Code     0  startup_stm32f10x_md.o(.text)
    TIM1_TRG_COM_IRQHandler                  0x0800011b   Thumb Code     0  startup_stm32f10x_md.o(.text)
    TIM1_UP_IRQHandler                       0x0800011b   Thumb Code     0  startup_stm32f10x_md.o(.text)
    TIM2_IRQHandler                          0x0800011b   Thumb Code     0  startup_stm32f10x_md.o(.text)
    TIM3_IRQHandler                          0x0800011b   Thumb Code     0  startup_stm32f10x_md.o(.text)
    TIM4_IRQHandler                          0x0800011b   Thumb Code     0  startup_stm32f10x_md.o(.text)
    USART1_IRQHandler                        0x0800011b   Thumb Code     0  startup_stm32f10x_md.o(.text)
    USART2_IRQHandler                        0x0800011b   Thumb Code     0  startup_stm32f10x_md.o(.text)
    USART3_IRQHandler                        0x0800011b   Thumb Code     0  startup_stm32f10x_md.o(.text)
    USBWakeUp_IRQHandler                     0x0800011b   Thumb Code     0  startup_stm32f10x_md.o(.text)
    USB_HP_CAN1_TX_IRQHandler                0x0800011b   Thumb Code     0  startup_stm32f10x_md.o(.text)
    USB_LP_CAN1_RX0_IRQHandler               0x0800011b   Thumb Code     0  startup_stm32f10x_md.o(.text)
    WWDG_IRQHandler                          0x0800011b   Thumb Code     0  startup_stm32f10x_md.o(.text)
    SystemInit                               0x08000203   Thumb Code    78  system_stm32f10x.o(.text)
    SystemCoreClockUpdate                    0x08000251   Thumb Code   142  system_stm32f10x.o(.text)
    NVIC_PriorityGroupConfig                 0x08000305   Thumb Code    10  misc.o(.text)
    NVIC_Init                                0x0800030f   Thumb Code   100  misc.o(.text)
    NVIC_SetVectorTable                      0x08000373   Thumb Code    14  misc.o(.text)
    NVIC_SystemLPConfig                      0x08000381   Thumb Code    34  misc.o(.text)
    SysTick_CLKSourceConfig                  0x080003a3   Thumb Code    40  misc.o(.text)
    DMA_DeInit                               0x080003e1   Thumb Code   324  stm32f10x_dma.o(.text)
    DMA_Init                                 0x08000525   Thumb Code    60  stm32f10x_dma.o(.text)
    DMA_StructInit                           0x08000561   Thumb Code    26  stm32f10x_dma.o(.text)
    DMA_Cmd                                  0x0800057b   Thumb Code    24  stm32f10x_dma.o(.text)
    DMA_ITConfig                             0x08000593   Thumb Code    18  stm32f10x_dma.o(.text)
    DMA_SetCurrDataCounter                   0x080005a5   Thumb Code     4  stm32f10x_dma.o(.text)
    DMA_GetCurrDataCounter                   0x080005a9   Thumb Code     8  stm32f10x_dma.o(.text)
    DMA_GetFlagStatus                        0x080005b1   Thumb Code    40  stm32f10x_dma.o(.text)
    DMA_ClearFlag                            0x080005d9   Thumb Code    22  stm32f10x_dma.o(.text)
    DMA_GetITStatus                          0x080005ef   Thumb Code    40  stm32f10x_dma.o(.text)
    DMA_ClearITPendingBit                    0x08000617   Thumb Code    22  stm32f10x_dma.o(.text)
    GPIO_DeInit                              0x08000635   Thumb Code   172  stm32f10x_gpio.o(.text)
    GPIO_AFIODeInit                          0x080006e1   Thumb Code    20  stm32f10x_gpio.o(.text)
    GPIO_Init                                0x080006f5   Thumb Code   278  stm32f10x_gpio.o(.text)
    GPIO_StructInit                          0x0800080b   Thumb Code    16  stm32f10x_gpio.o(.text)
    GPIO_ReadInputDataBit                    0x0800081b   Thumb Code    18  stm32f10x_gpio.o(.text)
    GPIO_ReadInputData                       0x0800082d   Thumb Code     8  stm32f10x_gpio.o(.text)
    GPIO_ReadOutputDataBit                   0x08000835   Thumb Code    18  stm32f10x_gpio.o(.text)
    GPIO_ReadOutputData                      0x08000847   Thumb Code     8  stm32f10x_gpio.o(.text)
    GPIO_SetBits                             0x0800084f   Thumb Code     4  stm32f10x_gpio.o(.text)
    GPIO_ResetBits                           0x08000853   Thumb Code     4  stm32f10x_gpio.o(.text)
    GPIO_WriteBit                            0x08000857   Thumb Code    10  stm32f10x_gpio.o(.text)
    GPIO_Write                               0x08000861   Thumb Code     4  stm32f10x_gpio.o(.text)
    GPIO_PinLockConfig                       0x08000865   Thumb Code    18  stm32f10x_gpio.o(.text)
    GPIO_EventOutputConfig                   0x08000877   Thumb Code    26  stm32f10x_gpio.o(.text)
    GPIO_EventOutputCmd                      0x08000891   Thumb Code     6  stm32f10x_gpio.o(.text)
    GPIO_PinRemapConfig                      0x08000897   Thumb Code   138  stm32f10x_gpio.o(.text)
    GPIO_EXTILineConfig                      0x08000921   Thumb Code    66  stm32f10x_gpio.o(.text)
    GPIO_ETH_MediaInterfaceConfig            0x08000963   Thumb Code     8  stm32f10x_gpio.o(.text)
    RCC_DeInit                               0x08000991   Thumb Code    64  stm32f10x_rcc.o(.text)
    RCC_HSEConfig                            0x080009d1   Thumb Code    70  stm32f10x_rcc.o(.text)
    RCC_GetFlagStatus                        0x08000a17   Thumb Code    56  stm32f10x_rcc.o(.text)
    RCC_WaitForHSEStartUp                    0x08000a4f   Thumb Code    56  stm32f10x_rcc.o(.text)
    RCC_AdjustHSICalibrationValue            0x08000a87   Thumb Code    20  stm32f10x_rcc.o(.text)
    RCC_HSICmd                               0x08000a9b   Thumb Code     6  stm32f10x_rcc.o(.text)
    RCC_PLLConfig                            0x08000aa1   Thumb Code    24  stm32f10x_rcc.o(.text)
    RCC_PLLCmd                               0x08000ab9   Thumb Code     6  stm32f10x_rcc.o(.text)
    RCC_SYSCLKConfig                         0x08000abf   Thumb Code    18  stm32f10x_rcc.o(.text)
    RCC_GetSYSCLKSource                      0x08000ad1   Thumb Code    10  stm32f10x_rcc.o(.text)
    RCC_HCLKConfig                           0x08000adb   Thumb Code    18  stm32f10x_rcc.o(.text)
    RCC_PCLK1Config                          0x08000aed   Thumb Code    18  stm32f10x_rcc.o(.text)
    RCC_PCLK2Config                          0x08000aff   Thumb Code    20  stm32f10x_rcc.o(.text)
    RCC_ITConfig                             0x08000b13   Thumb Code    26  stm32f10x_rcc.o(.text)
    RCC_USBCLKConfig                         0x08000b2d   Thumb Code     8  stm32f10x_rcc.o(.text)
    RCC_ADCCLKConfig                         0x08000b35   Thumb Code    18  stm32f10x_rcc.o(.text)
    RCC_LSEConfig                            0x08000b47   Thumb Code    50  stm32f10x_rcc.o(.text)
    RCC_LSICmd                               0x08000b79   Thumb Code     6  stm32f10x_rcc.o(.text)
    RCC_RTCCLKConfig                         0x08000b7f   Thumb Code    12  stm32f10x_rcc.o(.text)
    RCC_RTCCLKCmd                            0x08000b8b   Thumb Code     8  stm32f10x_rcc.o(.text)
    RCC_GetClocksFreq                        0x08000b93   Thumb Code   192  stm32f10x_rcc.o(.text)
    RCC_AHBPeriphClockCmd                    0x08000c53   Thumb Code    26  stm32f10x_rcc.o(.text)
    RCC_APB2PeriphClockCmd                   0x08000c6d   Thumb Code    26  stm32f10x_rcc.o(.text)
    RCC_APB1PeriphClockCmd                   0x08000c87   Thumb Code    26  stm32f10x_rcc.o(.text)
    RCC_APB2PeriphResetCmd                   0x08000ca1   Thumb Code    26  stm32f10x_rcc.o(.text)
    RCC_APB1PeriphResetCmd                   0x08000cbb   Thumb Code    26  stm32f10x_rcc.o(.text)
    RCC_BackupResetCmd                       0x08000cd5   Thumb Code     8  stm32f10x_rcc.o(.text)
    RCC_ClockSecuritySystemCmd               0x08000cdd   Thumb Code     6  stm32f10x_rcc.o(.text)
    RCC_MCOConfig                            0x08000ce3   Thumb Code     6  stm32f10x_rcc.o(.text)
    RCC_ClearFlag                            0x08000ce9   Thumb Code    14  stm32f10x_rcc.o(.text)
    RCC_GetITStatus                          0x08000cf7   Thumb Code    20  stm32f10x_rcc.o(.text)
    RCC_ClearITPendingBit                    0x08000d0b   Thumb Code     6  stm32f10x_rcc.o(.text)
    USART_DeInit                             0x08000d35   Thumb Code   134  stm32f10x_usart.o(.text)
    USART_Init                               0x08000dbb   Thumb Code   210  stm32f10x_usart.o(.text)
    USART_StructInit                         0x08000e8d   Thumb Code    24  stm32f10x_usart.o(.text)
    USART_ClockInit                          0x08000ea5   Thumb Code    34  stm32f10x_usart.o(.text)
    USART_ClockStructInit                    0x08000ec7   Thumb Code    12  stm32f10x_usart.o(.text)
    USART_Cmd                                0x08000ed3   Thumb Code    24  stm32f10x_usart.o(.text)
    USART_ITConfig                           0x08000eeb   Thumb Code    74  stm32f10x_usart.o(.text)
    USART_DMACmd                             0x08000f35   Thumb Code    18  stm32f10x_usart.o(.text)
    USART_SetAddress                         0x08000f47   Thumb Code    18  stm32f10x_usart.o(.text)
    USART_WakeUpConfig                       0x08000f59   Thumb Code    18  stm32f10x_usart.o(.text)
    USART_ReceiverWakeUpCmd                  0x08000f6b   Thumb Code    24  stm32f10x_usart.o(.text)
    USART_LINBreakDetectLengthConfig         0x08000f83   Thumb Code    18  stm32f10x_usart.o(.text)
    USART_LINCmd                             0x08000f95   Thumb Code    24  stm32f10x_usart.o(.text)
    USART_SendData                           0x08000fad   Thumb Code     8  stm32f10x_usart.o(.text)
    USART_ReceiveData                        0x08000fb5   Thumb Code    10  stm32f10x_usart.o(.text)
    USART_SendBreak                          0x08000fbf   Thumb Code    10  stm32f10x_usart.o(.text)
    USART_SetGuardTime                       0x08000fc9   Thumb Code    16  stm32f10x_usart.o(.text)
    USART_SetPrescaler                       0x08000fd9   Thumb Code    16  stm32f10x_usart.o(.text)
    USART_SmartCardCmd                       0x08000fe9   Thumb Code    24  stm32f10x_usart.o(.text)
    USART_SmartCardNACKCmd                   0x08001001   Thumb Code    24  stm32f10x_usart.o(.text)
    USART_HalfDuplexCmd                      0x08001019   Thumb Code    24  stm32f10x_usart.o(.text)
    USART_OverSampling8Cmd                   0x08001031   Thumb Code    22  stm32f10x_usart.o(.text)
    USART_OneBitMethodCmd                    0x08001047   Thumb Code    24  stm32f10x_usart.o(.text)
    USART_IrDAConfig                         0x0800105f   Thumb Code    18  stm32f10x_usart.o(.text)
    USART_IrDACmd                            0x08001071   Thumb Code    24  stm32f10x_usart.o(.text)
    USART_GetFlagStatus                      0x08001089   Thumb Code    26  stm32f10x_usart.o(.text)
    USART_ClearFlag                          0x080010a3   Thumb Code    18  stm32f10x_usart.o(.text)
    USART_GetITStatus                        0x080010b5   Thumb Code    84  stm32f10x_usart.o(.text)
    USART_ClearITPendingBit                  0x08001109   Thumb Code    52  stm32f10x_usart.o(.text)
    Delay                                    0x0800113d   Thumb Code    16  main.o(.text)
    main                                     0x0800114d   Thumb Code    70  main.o(.text)
    NMI_Handler                              0x08001201   Thumb Code     2  stm32f10x_it.o(.text)
    HardFault_Handler                        0x08001203   Thumb Code     4  stm32f10x_it.o(.text)
    MemManage_Handler                        0x08001207   Thumb Code     4  stm32f10x_it.o(.text)
    BusFault_Handler                         0x0800120b   Thumb Code     4  stm32f10x_it.o(.text)
    UsageFault_Handler                       0x0800120f   Thumb Code     4  stm32f10x_it.o(.text)
    SVC_Handler                              0x08001213   Thumb Code     2  stm32f10x_it.o(.text)
    DebugMon_Handler                         0x08001215   Thumb Code     2  stm32f10x_it.o(.text)
    PendSV_Handler                           0x08001217   Thumb Code     2  stm32f10x_it.o(.text)
    SysTick_Handler                          0x08001219   Thumb Code     2  stm32f10x_it.o(.text)
    nmea_decode_test                         0x0800121d   Thumb Code   284  nema_decode_test.o(.text)
    GPS_Config                               0x08001539   Thumb Code    12  gps_config.o(.text)
    GPS_ProcessDMAIRQ                        0x08001545   Thumb Code    50  gps_config.o(.text)
    trace                                    0x08001577   Thumb Code     2  gps_config.o(.text)
    error                                    0x08001579   Thumb Code     2  gps_config.o(.text)
    gps_info                                 0x0800157b   Thumb Code    40  gps_config.o(.text)
    GMTconvert                               0x080015d5   Thumb Code   356  gps_config.o(.text)
    LED_GPIO_Config                          0x08001765   Thumb Code    50  bsp_led.o(.text)
    USART_Config                             0x0800179d   Thumb Code   120  bsp_usart.o(.text)
    fputc                                    0x08001815   Thumb Code    32  bsp_usart.o(.text)
    fgetc                                    0x08001835   Thumb Code    26  bsp_usart.o(.text)
    nmea_property                            0x08001859   Thumb Code     4  context.o(.text)
    nmea_trace                               0x0800185d   Thumb Code    70  context.o(.text)
    nmea_trace_buff                          0x080018a3   Thumb Code    24  context.o(.text)
    nmea_error                               0x080018bb   Thumb Code    70  context.o(.text)
    nmea_info                                0x08001901   Thumb Code    70  context.o(.text)
    nmea_degree2radian                       0x0800194d   Thumb Code    20  gmath.o(.text)
    nmea_radian2degree                       0x08001961   Thumb Code    20  gmath.o(.text)
    nmea_ndeg2degree                         0x08001975   Thumb Code    92  gmath.o(.text)
    nmea_degree2ndeg                         0x080019d1   Thumb Code    72  gmath.o(.text)
    nmea_ndeg2radian                         0x08001a19   Thumb Code    26  gmath.o(.text)
    nmea_radian2ndeg                         0x08001a33   Thumb Code    26  gmath.o(.text)
    nmea_calc_pdop                           0x08001a4d   Thumb Code    66  gmath.o(.text)
    nmea_dop2meters                          0x08001a8f   Thumb Code    20  gmath.o(.text)
    nmea_meters2dop                          0x08001aa3   Thumb Code    20  gmath.o(.text)
    nmea_distance                            0x08001ab7   Thumb Code   166  gmath.o(.text)
    nmea_distance_ellipsoid                  0x08001b5d   Thumb Code  2038  gmath.o(.text)
    nmea_move_horz                           0x08002353   Thumb Code   386  gmath.o(.text)
    nmea_move_horz_ellipsoid                 0x080024d5   Thumb Code  2006  gmath.o(.text)
    nmea_info2pos                            0x08002cab   Thumb Code    36  gmath.o(.text)
    nmea_pos2info                            0x08002ccf   Thumb Code    36  gmath.o(.text)
    nmea_zero_INFO                           0x08002cf3   Thumb Code    30  info.o(.text)
    _nmea_parse_time                         0x08002d11   Thumb Code   132  parse.o(.text)
    nmea_pack_type                           0x08002d95   Thumb Code   262  parse.o(.text)
    nmea_find_tail                           0x08002e9b   Thumb Code   130  parse.o(.text)
    nmea_parse_GPGGA                         0x08002f1d   Thumb Code   148  parse.o(.text)
    nmea_parse_GPGSA                         0x08002fb1   Thumb Code   130  parse.o(.text)
    nmea_parse_GPGSV                         0x08003033   Thumb Code   174  parse.o(.text)
    nmea_parse_GPRMC                         0x080030e1   Thumb Code   432  parse.o(.text)
    nmea_parse_GPVTG                         0x08003291   Thumb Code   132  parse.o(.text)
    nmea_parse_GNGGA                         0x08003315   Thumb Code   148  parse.o(.text)
    nmea_parse_GNRMC                         0x080033a9   Thumb Code   160  parse.o(.text)
    nmea_parse_GNVTG                         0x08003449   Thumb Code   134  parse.o(.text)
    nmea_parse_GNZDA                         0x080034cf   Thumb Code   122  parse.o(.text)
    nmea_parse_GNGLL                         0x08003549   Thumb Code   124  parse.o(.text)
    nmea_parse_BDGSV                         0x080035c5   Thumb Code   798  parse.o(.text)
    nmea_parse_GPTXT                         0x080038e3   Thumb Code    70  parse.o(.text)
    nmea_GPGGA2info                          0x08003929   Thumb Code    98  parse.o(.text)
    nmea_GPGSA2info                          0x0800398b   Thumb Code   126  parse.o(.text)
    nmea_parse_BDGSA                         0x08003a09   Thumb Code   130  parse.o(.text)
    nmea_GPGSV2info                          0x08003a8b   Thumb Code   200  parse.o(.text)
    nmea_GPRMC2info                          0x08003b53   Thumb Code   148  parse.o(.text)
    nmea_GPVTG2info                          0x08003be7   Thumb Code    34  parse.o(.text)
    nmea_GNGGA2info                          0x08003c09   Thumb Code   102  parse.o(.text)
    nmea_GNRMC2info                          0x08003c6f   Thumb Code   324  parse.o(.text)
    nmea_GNVTG2info                          0x08003db3   Thumb Code    50  parse.o(.text)
    nmea_GNZDA2info                          0x08003de5   Thumb Code    26  parse.o(.text)
    nmea_GNGLL2info                          0x08003dff   Thumb Code   126  parse.o(.text)
    nmea_BDGSV2info                          0x08003e7d   Thumb Code   202  parse.o(.text)
    nmea_BDGSA2info                          0x08003f47   Thumb Code   130  parse.o(.text)
    nmea_GPTXT2info                          0x08003fc9   Thumb Code    88  parse.o(.text)
    nmea_parser_init                         0x08004079   Thumb Code    54  parser.o(.text)
    nmea_parser_drop                         0x080040af   Thumb Code    44  parser.o(.text)
    nmea_parser_queue_clear                  0x080040db   Thumb Code    22  parser.o(.text)
    nmea_parser_destroy                      0x080040f1   Thumb Code    26  parser.o(.text)
    nmea_parser_pop                          0x0800410b   Thumb Code    44  parser.o(.text)
    nmea_parser_buff_clear                   0x08004137   Thumb Code    10  parser.o(.text)
    nmea_parser_real_push                    0x08004141   Thumb Code  1050  parser.o(.text)
    nmea_parser_push                         0x0800455b   Thumb Code    50  parser.o(.text)
    nmea_parse                               0x0800458d   Thumb Code   264  parser.o(.text)
    nmea_parser_top                          0x08004695   Thumb Code    12  parser.o(.text)
    nmea_parser_peek                         0x080046a1   Thumb Code    20  parser.o(.text)
    nmea_time_now                            0x080046b5   Thumb Code    24  time.o(.text)
    nmea_calc_crc                            0x080046cd   Thumb Code    24  tok.o(.text)
    nmea_atoi                                0x080046e5   Thumb Code    50  tok.o(.text)
    nmea_atof                                0x08004717   Thumb Code    54  tok.o(.text)
    nmea_printf                              0x0800474d   Thumb Code   102  tok.o(.text)
    nmea_scanf                               0x080047b3   Thumb Code   538  tok.o(.text)
    __rt_ctype_table                         0x080049d5   Thumb Code     4  ctype_o.o(.text)
    isspace                                  0x080049dd   Thumb Code    18  isspace_o.o(.text)
    __aeabi_memcpy                           0x080049ef   Thumb Code    36  memcpya.o(.text)
    __aeabi_memcpy4                          0x080049ef   Thumb Code     0  memcpya.o(.text)
    __aeabi_memcpy8                          0x080049ef   Thumb Code     0  memcpya.o(.text)
    __aeabi_memset                           0x08004a13   Thumb Code    14  memseta.o(.text)
    __aeabi_memset4                          0x08004a13   Thumb Code     0  memseta.o(.text)
    __aeabi_memset8                          0x08004a13   Thumb Code     0  memseta.o(.text)
    __aeabi_memclr                           0x08004a21   Thumb Code     4  memseta.o(.text)
    __aeabi_memclr4                          0x08004a21   Thumb Code     0  memseta.o(.text)
    __aeabi_memclr8                          0x08004a21   Thumb Code     0  memseta.o(.text)
    _memset$wrapper                          0x08004a25   Thumb Code    18  memseta.o(.text)
    strlen                                   0x08004a37   Thumb Code    14  strlen.o(.text)
    memchr                                   0x08004a45   Thumb Code    20  memchr.o(.text)
    memcmp                                   0x08004a59   Thumb Code    26  memcmp.o(.text)
    strtol                                   0x08004a73   Thumb Code   112  strtol.o(.text)
    __aeabi_dadd                             0x08004ae3   Thumb Code   322  dadd.o(.text)
    __aeabi_dsub                             0x08004c25   Thumb Code     6  dadd.o(.text)
    __aeabi_drsub                            0x08004c2b   Thumb Code     6  dadd.o(.text)
    __aeabi_dmul                             0x08004c31   Thumb Code   228  dmul.o(.text)
    __aeabi_ddiv                             0x08004d15   Thumb Code   222  ddiv.o(.text)
    __aeabi_i2d                              0x08004df3   Thumb Code    34  dflti.o(.text)
    __aeabi_d2iz                             0x08004e15   Thumb Code    62  dfixi.o(.text)
    __aeabi_cdcmpeq                          0x08004e55   Thumb Code     0  cdcmple.o(.text)
    __aeabi_cdcmple                          0x08004e55   Thumb Code    48  cdcmple.o(.text)
    __aeabi_cdrcmple                         0x08004e85   Thumb Code    48  cdrcmple.o(.text)
    __aeabi_uidiv                            0x08004eb5   Thumb Code     0  uidiv.o(.text)
    __aeabi_uidivmod                         0x08004eb5   Thumb Code    44  uidiv.o(.text)
    __aeabi_uldivmod                         0x08004ee1   Thumb Code    98  uldiv.o(.text)
    __aeabi_llsl                             0x08004f43   Thumb Code    30  llshl.o(.text)
    _ll_shift_l                              0x08004f43   Thumb Code     0  llshl.o(.text)
    __aeabi_llsr                             0x08004f61   Thumb Code    32  llushr.o(.text)
    _ll_ushift_r                             0x08004f61   Thumb Code     0  llushr.o(.text)
    __aeabi_lasr                             0x08004f81   Thumb Code    36  llsshr.o(.text)
    _ll_sshift_r                             0x08004f81   Thumb Code     0  llsshr.o(.text)
    _strtoul                                 0x08004fa5   Thumb Code   158  _strtoul.o(.text)
    __strtod_int                             0x0800507b   Thumb Code    90  strtod.o(.text)
    __I$use$fp                               0x080050e1   Thumb Code     0  iusefp.o(.text)
    _double_round                            0x080050e1   Thumb Code    30  depilogue.o(.text)
    _double_epilogue                         0x080050ff   Thumb Code   156  depilogue.o(.text)
    __ARM_scalbn                             0x0800519b   Thumb Code    46  dscalb.o(.text)
    scalbn                                   0x0800519b   Thumb Code     0  dscalb.o(.text)
    _dsqrt                                   0x080051c9   Thumb Code   162  dsqrt.o(.text)
    __aeabi_d2ulz                            0x0800526b   Thumb Code    48  dfixul.o(.text)
    __scatterload                            0x0800529d   Thumb Code    28  init.o(.text)
    __scatterload_rt2                        0x0800529d   Thumb Code     0  init.o(.text)
    _chval                                   0x080052c1   Thumb Code    28  _chval.o(.text)
    _scanf_real                              0x08005405   Thumb Code     0  scanf_fp.o(.text)
    _scanf_really_real                       0x08005405   Thumb Code   556  scanf_fp.o(.text)
    _sgetc                                   0x0800563d   Thumb Code    30  _sgetc.o(.text)
    _sbackspace                              0x0800565b   Thumb Code    34  _sgetc.o(.text)
    __aeabi_ui2d                             0x0800567d   Thumb Code    26  dfltui.o(.text)
    __aeabi_ul2d                             0x08005697   Thumb Code    24  dfltul.o(.text)
    __aeabi_d2f                              0x080056af   Thumb Code    56  d2f.o(.text)
    _float_round                             0x080056e7   Thumb Code    18  fepilogue.o(.text)
    _float_epilogue                          0x080056f9   Thumb Code    92  fepilogue.o(.text)
    __0printf                                0x08005755   Thumb Code    22  printfa.o(i.__0printf)
    __1printf                                0x08005755   Thumb Code     0  printfa.o(i.__0printf)
    __2printf                                0x08005755   Thumb Code     0  printfa.o(i.__0printf)
    __c89printf                              0x08005755   Thumb Code     0  printfa.o(i.__0printf)
    printf                                   0x08005755   Thumb Code     0  printfa.o(i.__0printf)
    __0snprintf                              0x08005775   Thumb Code    44  printfa.o(i.__0snprintf)
    __1snprintf                              0x08005775   Thumb Code     0  printfa.o(i.__0snprintf)
    __2snprintf                              0x08005775   Thumb Code     0  printfa.o(i.__0snprintf)
    __c89snprintf                            0x08005775   Thumb Code     0  printfa.o(i.__0snprintf)
    snprintf                                 0x08005775   Thumb Code     0  printfa.o(i.__0snprintf)
    __0vsnprintf                             0x080057a5   Thumb Code    40  printfa.o(i.__0vsnprintf)
    __1vsnprintf                             0x080057a5   Thumb Code     0  printfa.o(i.__0vsnprintf)
    __2vsnprintf                             0x080057a5   Thumb Code     0  printfa.o(i.__0vsnprintf)
    __c89vsnprintf                           0x080057a5   Thumb Code     0  printfa.o(i.__0vsnprintf)
    vsnprintf                                0x080057a5   Thumb Code     0  printfa.o(i.__0vsnprintf)
    __ARM_fpclassify                         0x080057d1   Thumb Code    40  fpclassify.o(i.__ARM_fpclassify)
    __ARM_isnan                              0x080057f9   Thumb Code    30  gmath.o(i.__ARM_isnan)
    __aeabi_errno_addr                       0x0800581d   Thumb Code     4  errno.o(i.__aeabi_errno_addr)
    __rt_errno_addr                          0x0800581d   Thumb Code     0  errno.o(i.__aeabi_errno_addr)
    __ieee754_rem_pio2                       0x08005825   Thumb Code   828  rred.o(i.__ieee754_rem_pio2)
    __kernel_cos                             0x08005bad   Thumb Code   230  cos_i.o(i.__kernel_cos)
    __kernel_poly                            0x08005ca9   Thumb Code   170  poly.o(i.__kernel_poly)
    __kernel_sin                             0x08005d55   Thumb Code   224  sin_i.o(i.__kernel_sin)
    __kernel_tan                             0x08005e41   Thumb Code   586  tan_i.o(i.__kernel_tan)
    __mathlib_dbl_divzero                    0x080060bd   Thumb Code    12  dunder.o(i.__mathlib_dbl_divzero)
    __mathlib_dbl_infnan                     0x080060cd   Thumb Code     6  dunder.o(i.__mathlib_dbl_infnan)
    __mathlib_dbl_infnan2                    0x080060d3   Thumb Code     4  dunder.o(i.__mathlib_dbl_infnan2)
    __mathlib_dbl_invalid                    0x080060d7   Thumb Code    12  dunder.o(i.__mathlib_dbl_invalid)
    __mathlib_dbl_overflow                   0x080060e3   Thumb Code    14  dunder.o(i.__mathlib_dbl_overflow)
    __mathlib_dbl_underflow                  0x080060f1   Thumb Code    10  dunder.o(i.__mathlib_dbl_underflow)
    __scatterload_copy                       0x08006101   Thumb Code    14  handlers.o(i.__scatterload_copy)
    __scatterload_null                       0x0800610f   Thumb Code     2  handlers.o(i.__scatterload_null)
    __scatterload_zeroinit                   0x08006111   Thumb Code    14  handlers.o(i.__scatterload_zeroinit)
    __set_errno                              0x08006121   Thumb Code     6  errno.o(i.__set_errno)
    _is_digit                                0x080062b1   Thumb Code    14  scanf_fp.o(i._is_digit)
    acos                                     0x08006a05   Thumb Code   574  acos.o(i.acos)
    asin                                     0x08006c81   Thumb Code   572  asin.o(i.asin)
    atan                                     0x08006ef1   Thumb Code   474  atan.o(i.atan)
    atan2                                    0x08007111   Thumb Code   346  atan2.o(i.atan2)
    cos                                      0x08007291   Thumb Code   148  cos.o(i.cos)
    free                                     0x0800732d   Thumb Code    76  malloc.o(i.free)
    malloc                                   0x0800737d   Thumb Code    92  malloc.o(i.malloc)
    modf                                     0x080073e9   Thumb Code   142  modf.o(i.modf)
    pow                                      0x0800747d   Thumb Code  2512  pow.o(i.pow)
    sin                                      0x08007e55   Thumb Code   150  sin.o(i.sin)
    sqrt                                     0x08007ef5   Thumb Code    76  sqrt.o(i.sqrt)
    strtod                                   0x08007f41   Thumb Code    28  strtod.o(i.strtod)
    tan                                      0x08007f5d   Thumb Code    90  tan.o(i.tan)
    __ctype_table                            0x08008180   Data         129  ctype_o.o(.constdata)
    __mathlib_zero                           0x08008238   Data           8  qnan.o(.constdata)
    Region$$Table$$Base                      0x08008480   Number         0  anon$$obj.o(Region$$Table)
    Region$$Table$$Limit                     0x080084a0   Number         0  anon$$obj.o(Region$$Table)
    SystemCoreClock                          0x20000000   Data           4  system_stm32f10x.o(.data)
    AHBPrescTable                            0x20000004   Data          16  system_stm32f10x.o(.data)
    GPS_TransferEnd                          0x20000028   Data           1  gps_config.o(.data)
    GPS_HalfTransferEnd                      0x20000029   Data           1  gps_config.o(.data)
    __stdout                                 0x20000070   Data           4  stdout.o(.data)
    __microlib_freelist                      0x20000074   Data           4  mvars.o(.data)
    __microlib_freelist_initialised          0x20000078   Data           4  mvars.o(.data)
    gps_rbuff                                0x20000080   Data         512  gps_config.o(.bss)
    txt_buff                                 0x20000280   Data         256  parse.o(.bss)
    __heap_base                              0x20000380   Data           0  startup_stm32f10x_md.o(HEAP)
    __heap_limit                             0x20000580   Data           0  startup_stm32f10x_md.o(HEAP)
    __initial_sp                             0x20000980   Data           0  startup_stm32f10x_md.o(STACK)



==============================================================================

Memory Map of the image

  Image Entry point : 0x080000ed

  Load Region LR_IROM1 (Base: 0x08000000, Size: 0x00008520, Max: 0x00010000, ABSOLUTE)

    Execution Region ER_IROM1 (Exec base: 0x08000000, Load base: 0x08000000, Size: 0x000084a0, Max: 0x00010000, ABSOLUTE)

    Exec Addr    Load Addr    Size         Type   Attr      Idx    E Section Name        Object

    0x08000000   0x08000000   0x000000ec   Data   RO            3    RESET               startup_stm32f10x_md.o
    0x080000ec   0x080000ec   0x00000000   Code   RO          856  * .ARM.Collect$$$$00000000  mc_w.l(entry.o)
    0x080000ec   0x080000ec   0x00000004   Code   RO         1246    .ARM.Collect$$$$00000001  mc_w.l(entry2.o)
    0x080000f0   0x080000f0   0x00000004   Code   RO         1249    .ARM.Collect$$$$00000004  mc_w.l(entry5.o)
    0x080000f4   0x080000f4   0x00000000   Code   RO         1251    .ARM.Collect$$$$00000008  mc_w.l(entry7b.o)
    0x080000f4   0x080000f4   0x00000000   Code   RO         1253    .ARM.Collect$$$$0000000A  mc_w.l(entry8b.o)
    0x080000f4   0x080000f4   0x00000008   Code   RO         1254    .ARM.Collect$$$$0000000B  mc_w.l(entry9a.o)
    0x080000fc   0x080000fc   0x00000000   Code   RO         1256    .ARM.Collect$$$$0000000D  mc_w.l(entry10a.o)
    0x080000fc   0x080000fc   0x00000000   Code   RO         1258    .ARM.Collect$$$$0000000F  mc_w.l(entry11a.o)
    0x080000fc   0x080000fc   0x00000004   Code   RO         1247    .ARM.Collect$$$$00002712  mc_w.l(entry2.o)
    0x08000100   0x08000100   0x00000024   Code   RO            4    .text               startup_stm32f10x_md.o
    0x08000124   0x08000124   0x000001e0   Code   RO           10    .text               system_stm32f10x.o
    0x08000304   0x08000304   0x000000dc   Code   RO          111    .text               misc.o
    0x080003e0   0x080003e0   0x00000254   Code   RO          211    .text               stm32f10x_dma.o
    0x08000634   0x08000634   0x0000035c   Code   RO          259    .text               stm32f10x_gpio.o
    0x08000990   0x08000990   0x000003a4   Code   RO          307    .text               stm32f10x_rcc.o
    0x08000d34   0x08000d34   0x00000408   Code   RO          369    .text               stm32f10x_usart.o
    0x0800113c   0x0800113c   0x000000c4   Code   RO          393    .text               main.o
    0x08001200   0x08001200   0x0000001a   Code   RO          458    .text               stm32f10x_it.o
    0x0800121a   0x0800121a   0x00000002   PAD
    0x0800121c   0x0800121c   0x00000218   Code   RO          473    .text               nema_decode_test.o
    0x08001434   0x08001434   0x00000330   Code   RO          485    .text               gps_config.o
    0x08001764   0x08001764   0x00000038   Code   RO          504    .text               bsp_led.o
    0x0800179c   0x0800179c   0x000000bc   Code   RO          519    .text               bsp_usart.o
    0x08001858   0x08001858   0x000000f4   Code   RO          531    .text               context.o
    0x0800194c   0x0800194c   0x000013a6   Code   RO          620    .text               gmath.o
    0x08002cf2   0x08002cf2   0x0000001e   Code   RO          645    .text               info.o
    0x08002d10   0x08002d10   0x00001368   Code   RO          660    .text               parse.o
    0x08004078   0x08004078   0x0000063c   Code   RO          687    .text               parser.o
    0x080046b4   0x080046b4   0x00000018   Code   RO          717    .text               time.o
    0x080046cc   0x080046cc   0x00000308   Code   RO          735    .text               tok.o
    0x080049d4   0x080049d4   0x00000008   Code   RO          859    .text               mc_w.l(ctype_o.o)
    0x080049dc   0x080049dc   0x00000012   Code   RO          881    .text               mc_w.l(isspace_o.o)
    0x080049ee   0x080049ee   0x00000024   Code   RO          890    .text               mc_w.l(memcpya.o)
    0x08004a12   0x08004a12   0x00000024   Code   RO          892    .text               mc_w.l(memseta.o)
    0x08004a36   0x08004a36   0x0000000e   Code   RO          894    .text               mc_w.l(strlen.o)
    0x08004a44   0x08004a44   0x00000014   Code   RO          896    .text               mc_w.l(memchr.o)
    0x08004a58   0x08004a58   0x0000001a   Code   RO          898    .text               mc_w.l(memcmp.o)
    0x08004a72   0x08004a72   0x00000070   Code   RO         1191    .text               mc_w.l(strtol.o)
    0x08004ae2   0x08004ae2   0x0000014e   Code   RO         1193    .text               mf_w.l(dadd.o)
    0x08004c30   0x08004c30   0x000000e4   Code   RO         1195    .text               mf_w.l(dmul.o)
    0x08004d14   0x08004d14   0x000000de   Code   RO         1197    .text               mf_w.l(ddiv.o)
    0x08004df2   0x08004df2   0x00000022   Code   RO         1199    .text               mf_w.l(dflti.o)
    0x08004e14   0x08004e14   0x0000003e   Code   RO         1201    .text               mf_w.l(dfixi.o)
    0x08004e52   0x08004e52   0x00000002   PAD
    0x08004e54   0x08004e54   0x00000030   Code   RO         1203    .text               mf_w.l(cdcmple.o)
    0x08004e84   0x08004e84   0x00000030   Code   RO         1205    .text               mf_w.l(cdrcmple.o)
    0x08004eb4   0x08004eb4   0x0000002c   Code   RO         1261    .text               mc_w.l(uidiv.o)
    0x08004ee0   0x08004ee0   0x00000062   Code   RO         1263    .text               mc_w.l(uldiv.o)
    0x08004f42   0x08004f42   0x0000001e   Code   RO         1265    .text               mc_w.l(llshl.o)
    0x08004f60   0x08004f60   0x00000020   Code   RO         1267    .text               mc_w.l(llushr.o)
    0x08004f80   0x08004f80   0x00000024   Code   RO         1269    .text               mc_w.l(llsshr.o)
    0x08004fa4   0x08004fa4   0x0000009e   Code   RO         1280    .text               mc_w.l(_strtoul.o)
    0x08005042   0x08005042   0x00000002   PAD
    0x08005044   0x08005044   0x0000009c   Code   RO         1282    .text               mc_w.l(strtod.o)
    0x080050e0   0x080050e0   0x00000000   Code   RO         1284    .text               mc_w.l(iusefp.o)
    0x080050e0   0x080050e0   0x000000ba   Code   RO         1285    .text               mf_w.l(depilogue.o)
    0x0800519a   0x0800519a   0x0000002e   Code   RO         1287    .text               mf_w.l(dscalb.o)
    0x080051c8   0x080051c8   0x000000a2   Code   RO         1289    .text               mf_w.l(dsqrt.o)
    0x0800526a   0x0800526a   0x00000030   Code   RO         1291    .text               mf_w.l(dfixul.o)
    0x0800529a   0x0800529a   0x00000002   PAD
    0x0800529c   0x0800529c   0x00000024   Code   RO         1293    .text               mc_w.l(init.o)
    0x080052c0   0x080052c0   0x0000001c   Code   RO         1297    .text               mc_w.l(_chval.o)
    0x080052dc   0x080052dc   0x00000360   Code   RO         1299    .text               mc_w.l(scanf_fp.o)
    0x0800563c   0x0800563c   0x00000040   Code   RO         1303    .text               mc_w.l(_sgetc.o)
    0x0800567c   0x0800567c   0x0000001a   Code   RO         1305    .text               mf_w.l(dfltui.o)
    0x08005696   0x08005696   0x00000018   Code   RO         1310    .text               mf_w.l(dfltul.o)
    0x080056ae   0x080056ae   0x00000038   Code   RO         1312    .text               mf_w.l(d2f.o)
    0x080056e6   0x080056e6   0x0000006e   Code   RO         1314    .text               mf_w.l(fepilogue.o)
    0x08005754   0x08005754   0x00000020   Code   RO         1135    i.__0printf         mc_w.l(printfa.o)
    0x08005774   0x08005774   0x00000030   Code   RO         1136    i.__0snprintf       mc_w.l(printfa.o)
    0x080057a4   0x080057a4   0x0000002c   Code   RO         1140    i.__0vsnprintf      mc_w.l(printfa.o)
    0x080057d0   0x080057d0   0x00000028   Code   RO         1224    i.__ARM_fpclassify  m_ws.l(fpclassify.o)
    0x080057f8   0x080057f8   0x00000024   Code   RO          629    i.__ARM_isnan       gmath.o
    0x0800581c   0x0800581c   0x00000008   Code   RO         1273    i.__aeabi_errno_addr  mc_w.l(errno.o)
    0x08005824   0x08005824   0x00000388   Code   RO         1229    i.__ieee754_rem_pio2  m_ws.l(rred.o)
    0x08005bac   0x08005bac   0x000000fc   Code   RO         1207    i.__kernel_cos      m_ws.l(cos_i.o)
    0x08005ca8   0x08005ca8   0x000000aa   Code   RO         1226    i.__kernel_poly     m_ws.l(poly.o)
    0x08005d52   0x08005d52   0x00000002   PAD
    0x08005d54   0x08005d54   0x000000ec   Code   RO         1234    i.__kernel_sin      m_ws.l(sin_i.o)
    0x08005e40   0x08005e40   0x0000027c   Code   RO         1240    i.__kernel_tan      m_ws.l(tan_i.o)
    0x080060bc   0x080060bc   0x00000010   Code   RO         1210    i.__mathlib_dbl_divzero  m_ws.l(dunder.o)
    0x080060cc   0x080060cc   0x00000006   Code   RO         1211    i.__mathlib_dbl_infnan  m_ws.l(dunder.o)
    0x080060d2   0x080060d2   0x00000004   Code   RO         1212    i.__mathlib_dbl_infnan2  m_ws.l(dunder.o)
    0x080060d6   0x080060d6   0x0000000c   Code   RO         1213    i.__mathlib_dbl_invalid  m_ws.l(dunder.o)
    0x080060e2   0x080060e2   0x0000000e   Code   RO         1214    i.__mathlib_dbl_overflow  m_ws.l(dunder.o)
    0x080060f0   0x080060f0   0x00000010   Code   RO         1216    i.__mathlib_dbl_underflow  m_ws.l(dunder.o)
    0x08006100   0x08006100   0x0000000e   Code   RO         1318    i.__scatterload_copy  mc_w.l(handlers.o)
    0x0800610e   0x0800610e   0x00000002   Code   RO         1319    i.__scatterload_null  mc_w.l(handlers.o)
    0x08006110   0x08006110   0x0000000e   Code   RO         1320    i.__scatterload_zeroinit  mc_w.l(handlers.o)
    0x0800611e   0x0800611e   0x00000002   PAD
    0x08006120   0x08006120   0x0000000c   Code   RO         1275    i.__set_errno       mc_w.l(errno.o)
    0x0800612c   0x0800612c   0x00000184   Code   RO         1142    i._fp_digits        mc_w.l(printfa.o)
    0x080062b0   0x080062b0   0x0000000e   Code   RO         1301    i._is_digit         mc_w.l(scanf_fp.o)
    0x080062be   0x080062be   0x00000002   PAD
    0x080062c0   0x080062c0   0x000006dc   Code   RO         1143    i._printf_core      mc_w.l(printfa.o)
    0x0800699c   0x0800699c   0x00000024   Code   RO         1144    i._printf_post_padding  mc_w.l(printfa.o)
    0x080069c0   0x080069c0   0x0000002e   Code   RO         1145    i._printf_pre_padding  mc_w.l(printfa.o)
    0x080069ee   0x080069ee   0x00000016   Code   RO         1146    i._snputc           mc_w.l(printfa.o)
    0x08006a04   0x08006a04   0x0000027c   Code   RO          765    i.acos              m_ws.l(acos.o)
    0x08006c80   0x08006c80   0x00000270   Code   RO          775    i.asin              m_ws.l(asin.o)
    0x08006ef0   0x08006ef0   0x00000220   Code   RO          785    i.atan              m_ws.l(atan.o)
    0x08007110   0x08007110   0x00000180   Code   RO          795    i.atan2             m_ws.l(atan2.o)
    0x08007290   0x08007290   0x0000009c   Code   RO          807    i.cos               m_ws.l(cos.o)
    0x0800732c   0x0800732c   0x00000050   Code   RO         1163    i.free              mc_w.l(malloc.o)
    0x0800737c   0x0800737c   0x0000006c   Code   RO         1164    i.malloc            mc_w.l(malloc.o)
    0x080073e8   0x080073e8   0x00000094   Code   RO          815    i.modf              m_ws.l(modf.o)
    0x0800747c   0x0800747c   0x000009d8   Code   RO          819    i.pow               m_ws.l(pow.o)
    0x08007e54   0x08007e54   0x000000a0   Code   RO          829    i.sin               m_ws.l(sin.o)
    0x08007ef4   0x08007ef4   0x0000004c   Code   RO          837    i.sqrt              m_ws.l(sqrt.o)
    0x08007f40   0x08007f40   0x0000001c   Code   RO          845    i.strtod            m_ws.l(strtod.o)
    0x08007f5c   0x08007f5c   0x00000064   Code   RO          849    i.tan               m_ws.l(tan.o)
    0x08007fc0   0x08007fc0   0x00000050   Data   RO          766    .constdata          m_ws.l(acos.o)
    0x08008010   0x08008010   0x00000050   Data   RO          776    .constdata          m_ws.l(asin.o)
    0x08008060   0x08008060   0x00000098   Data   RO          786    .constdata          m_ws.l(atan.o)
    0x080080f8   0x080080f8   0x00000088   Data   RO          820    .constdata          m_ws.l(pow.o)
    0x08008180   0x08008180   0x00000081   Data   RO          860    .constdata          mc_w.l(ctype_o.o)
    0x08008201   0x08008201   0x00000003   PAD
    0x08008204   0x08008204   0x00000004   Data   RO          861    .constdata          mc_w.l(ctype_o.o)
    0x08008208   0x08008208   0x00000030   Data   RO         1208    .constdata          m_ws.l(cos_i.o)
    0x08008238   0x08008238   0x00000008   Data   RO         1228    .constdata          m_ws.l(qnan.o)
    0x08008240   0x08008240   0x000000c8   Data   RO         1231    .constdata          m_ws.l(rred.o)
    0x08008308   0x08008308   0x00000028   Data   RO         1235    .constdata          m_ws.l(sin_i.o)
    0x08008330   0x08008330   0x00000060   Data   RO         1241    .constdata          m_ws.l(tan_i.o)
    0x08008390   0x08008390   0x000000ee   Data   RO          662    .conststring        parse.o
    0x0800847e   0x0800847e   0x00000002   PAD
    0x08008480   0x08008480   0x00000020   Data   RO         1316    Region$$Table       anon$$obj.o


    Execution Region RW_IRAM1 (Exec base: 0x20000000, Load base: 0x080084a0, Size: 0x00000980, Max: 0x00005000, ABSOLUTE)

    Exec Addr    Load Addr    Size         Type   Attr      Idx    E Section Name        Object

    0x20000000   0x080084a0   0x00000014   Data   RW           11    .data               system_stm32f10x.o
    0x20000014   0x080084b4   0x00000014   Data   RW          308    .data               stm32f10x_rcc.o
    0x20000028   0x080084c8   0x00000002   Data   RW          487    .data               gps_config.o
    0x2000002a   0x080084ca   0x00000002   PAD
    0x2000002c   0x080084cc   0x00000010   Data   RW          532    .data               context.o
    0x2000003c   0x080084dc   0x00000034   Data   RW          663    .data               parse.o
    0x20000070   0x08008510   0x00000004   Data   RW         1260    .data               mc_w.l(stdout.o)
    0x20000074   0x08008514   0x00000004   Data   RW         1271    .data               mc_w.l(mvars.o)
    0x20000078   0x08008518   0x00000004   Data   RW         1272    .data               mc_w.l(mvars.o)
    0x2000007c   0x0800851c   0x00000004   Data   RW         1276    .data               mc_w.l(errno.o)
    0x20000080        -       0x00000200   Zero   RW          486    .bss                gps_config.o
    0x20000280        -       0x00000100   Zero   RW          661    .bss                parse.o
    0x20000380        -       0x00000200   Zero   RW            2    HEAP                startup_stm32f10x_md.o
    0x20000580        -       0x00000400   Zero   RW            1    STACK               startup_stm32f10x_md.o


==============================================================================

Image component sizes


      Code (inc. data)   RO Data    RW Data    ZI Data      Debug   Object Name

        56          6          0          0          0        474   bsp_led.o
       188         10          0          0          0        987   bsp_usart.o
       244          6          0         16          0       3364   context.o
         0          0          0          0          0       3712   generate.o
      5066        226          0          0          0       8695   gmath.o
       816         44          0          2        512       3771   gps_config.o
        30          0          0          0          0       2013   info.o
       196        110          0          0          0       4269   main.o
       220         22          0          0          0       1857   misc.o
       536        252          0          0          0        755   nema_decode_test.o
      4968       1140        238         52        256      11945   parse.o
      1596         24          0          0          0       5490   parser.o
        36          8        236          0       1536        908   startup_stm32f10x_md.o
       596          8          0          0          0       4422   stm32f10x_dma.o
       860         38          0          0          0       5789   stm32f10x_gpio.o
        26          0          0          0          0       1182   stm32f10x_it.o
       932         36          0         20          0       8964   stm32f10x_rcc.o
      1032         22          0          0          0       8516   stm32f10x_usart.o
       480         38          0         20          0     243239   system_stm32f10x.o
        24          0          0          0          0       1264   time.o
       776          8          0          0          0       2667   tok.o

    ----------------------------------------------------------------------
     18680       1998        508        112       2304     324283   Object Totals
         0          0         32          0          0          0   (incl. Generated)
         2          0          2          2          0          0   (incl. Padding)

    ----------------------------------------------------------------------

      Code (inc. data)   RO Data    RW Data    ZI Data      Debug   Library Member Name

       636         62         80          0          0        188   acos.o
       624         52         80          0          0        168   asin.o
       544         70        152          0          0        124   atan.o
       384         38          0          0          0        144   atan2.o
       156          8          0          0          0        104   cos.o
       252         22         48          0          0        124   cos_i.o
        68         10          0          0          0        408   dunder.o
        40          0          0          0          0         68   fpclassify.o
       148          6          0          0          0        116   modf.o
       170          0          0          0          0         96   poly.o
      2520        190        136          0          0        324   pow.o
         0          0          8          0          0          0   qnan.o
       904         76        200          0          0        140   rred.o
       160         10          0          0          0        108   sin.o
       236         12         40          0          0        128   sin_i.o
        76          0          0          0          0         84   sqrt.o
        28          0          0          0          0         80   strtod.o
       100         10          0          0          0         96   tan.o
       636         50         96          0          0        168   tan_i.o
        28          0          0          0          0         68   _chval.o
        64          0          0          0          0         84   _sgetc.o
       158          0          0          0          0         92   _strtoul.o
         8          4        133          0          0         68   ctype_o.o
         0          0          0          0          0          0   entry.o
         0          0          0          0          0          0   entry10a.o
         0          0          0          0          0          0   entry11a.o
         8          4          0          0          0          0   entry2.o
         4          0          0          0          0          0   entry5.o
         0          0          0          0          0          0   entry7b.o
         0          0          0          0          0          0   entry8b.o
         8          4          0          0          0          0   entry9a.o
        20         10          0          4          0        136   errno.o
        30          0          0          0          0          0   handlers.o
        36          8          0          0          0         68   init.o
        18          0          0          0          0         76   isspace_o.o
         0          0          0          0          0          0   iusefp.o
        30          0          0          0          0         68   llshl.o
        36          0          0          0          0         68   llsshr.o
        32          0          0          0          0         68   llushr.o
       188         20          0          0          0        160   malloc.o
        20          0          0          0          0         68   memchr.o
        26          0          0          0          0         80   memcmp.o
        36          0          0          0          0         68   memcpya.o
        36          0          0          0          0        108   memseta.o
         0          0          0          8          0          0   mvars.o
      2372         98          0          0          0        684   printfa.o
       878         12          0          0          0        216   scanf_fp.o
         0          0          0          4          0          0   stdout.o
        14          0          0          0          0         68   strlen.o
       156         12          0          0          0        120   strtod.o
       112          0          0          0          0         88   strtol.o
        44          0          0          0          0         80   uidiv.o
        98          0          0          0          0         92   uldiv.o
        48          0          0          0          0         68   cdcmple.o
        48          0          0          0          0         68   cdrcmple.o
        56          0          0          0          0         88   d2f.o
       334          0          0          0          0        148   dadd.o
       222          0          0          0          0        100   ddiv.o
       186          0          0          0          0        176   depilogue.o
        62          0          0          0          0         80   dfixi.o
        48          0          0          0          0         68   dfixul.o
        34          0          0          0          0         76   dflti.o
        26          0          0          0          0         76   dfltui.o
        24          0          0          0          0         76   dfltul.o
       228          0          0          0          0         96   dmul.o
        46          0          0          0          0         80   dscalb.o
       162          0          0          0          0        100   dsqrt.o
       110          0          0          0          0        168   fepilogue.o

    ----------------------------------------------------------------------
     13788        788        976         16          0       6764   Library Totals
        12          0          3          0          0          0   (incl. Padding)

    ----------------------------------------------------------------------

      Code (inc. data)   RO Data    RW Data    ZI Data      Debug   Library Name

      7682        616        840          0          0       2668   m_ws.l
      4460        172        133         16          0       2628   mc_w.l
      1634          0          0          0          0       1468   mf_w.l

    ----------------------------------------------------------------------
     13788        788        976         16          0       6764   Library Totals

    ----------------------------------------------------------------------

==============================================================================


      Code (inc. data)   RO Data    RW Data    ZI Data      Debug   

     32468       2786       1484        128       2304     326259   Grand Totals
     32468       2786       1484        128       2304     326259   ELF Image Totals
     32468       2786       1484        128          0          0   ROM Totals

==============================================================================

    Total RO  Size (Code + RO Data)                33952 (  33.16kB)
    Total RW  Size (RW Data + ZI Data)              2432 (   2.38kB)
    Total ROM Size (Code + RO Data + RW Data)      34080 (  33.28kB)

==============================================================================

